MemTotal:       32889060 kB
MemFree:        14883984 kB
MemAvailable:   29878640 kB
Buffers:          225520 kB
Cached:         14688916 kB
SwapCached:            0 kB
Active:          9540956 kB
Inactive:        7143752 kB
Active(anon):       7624 kB
Inactive(anon):  1793828 kB
Active(file):    9533332 kB
Inactive(file):  5349924 kB
Unevictable:       24772 kB
Mlocked:           24772 kB
HighTotal:             0 kB
HighFree:              0 kB
LowTotal:       32889060 kB
LowFree:        14883984 kB
SwapTotal:             0 kB
SwapFree:              0 kB
Zswap:                 0 kB
Zswapped:              0 kB
Dirty:                 0 kB
Writeback:             0 kB
AnonPages:       1795060 kB
Mapped:           171584 kB
Shmem:             25236 kB
KReclaimable:     597088 kB
Slab:             887724 kB
SReclaimable:     597088 kB
SUnreclaim:       290636 kB
KernelStack:       15824 kB
PageTables:        15952 kB
SecPageTables:         0 kB
NFS_Unstable:          0 kB
Bounce:                0 kB
WritebackTmp:          0 kB
CommitLimit:    16444528 kB
Committed_AS:    3960220 kB
VmallocTotal:   67108864 kB
VmallocUsed:      191844 kB
VmallocChunk:          0 kB
Percpu:            77568 kB
AnonHugePages:         0 kB
ShmemHugePages:        0 kB
ShmemPmdMapped:        0 kB
FileHugePages:         0 kB
FilePmdMapped:         0 kB
CmaTotal:         262144 kB
CmaFree:           71280 kB
HugePages_Total:       0
HugePages_Free:        0
HugePages_Rsvd:        0
HugePages_Surp:        0
Hugepagesize:       2048 kB
Hugetlb:               0 kB
